------------------------------------------------------------
TimeQuest Timing Analyzer Summary
------------------------------------------------------------

Type  : Slow Model Setup 'CLOCK_50'
Slack : -4.714
TNS   : -74.291

Type  : Slow Model Setup 'impulse80us'
Slack : -3.540
TNS   : -38.993

Type  : Slow Model Setup 'write_memory'
Slack : -3.516
TNS   : -115.436

Type  : Slow Model Setup 'PS2_CLK'
Slack : -2.654
TNS   : -69.002

Type  : Slow Model Hold 'PS2_CLK'
Slack : -3.071
TNS   : -3.071

Type  : Slow Model Hold 'CLOCK_50'
Slack : -2.688
TNS   : -2.688

Type  : Slow Model Hold 'impulse80us'
Slack : 0.445
TNS   : 0.000

Type  : Slow Model Hold 'write_memory'
Slack : 0.861
TNS   : 0.000

Type  : Slow Model Minimum Pulse Width 'PS2_CLK'
Slack : -2.333
TNS   : -54.879

Type  : Slow Model Minimum Pulse Width 'impulse80us'
Slack : -2.333
TNS   : -16.997

Type  : Slow Model Minimum Pulse Width 'CLOCK_50'
Slack : -1.631
TNS   : -32.181

Type  : Slow Model Minimum Pulse Width 'write_memory'
Slack : -0.611
TNS   : -43.992

Type  : Fast Model Setup 'impulse80us'
Slack : -1.659
TNS   : -13.768

Type  : Fast Model Setup 'CLOCK_50'
Slack : -1.191
TNS   : -14.800

Type  : Fast Model Setup 'write_memory'
Slack : -0.858
TNS   : -26.563

Type  : Fast Model Setup 'PS2_CLK'
Slack : -0.773
TNS   : -13.910

Type  : Fast Model Hold 'CLOCK_50'
Slack : -1.717
TNS   : -1.717

Type  : Fast Model Hold 'PS2_CLK'
Slack : -1.473
TNS   : -1.473

Type  : Fast Model Hold 'impulse80us'
Slack : 0.215
TNS   : 0.000

Type  : Fast Model Hold 'write_memory'
Slack : 0.344
TNS   : 0.000

Type  : Fast Model Minimum Pulse Width 'PS2_CLK'
Slack : -1.777
TNS   : -44.777

Type  : Fast Model Minimum Pulse Width 'impulse80us'
Slack : -1.777
TNS   : -13.777

Type  : Fast Model Minimum Pulse Width 'CLOCK_50'
Slack : -1.380
TNS   : -26.380

Type  : Fast Model Minimum Pulse Width 'write_memory'
Slack : -0.500
TNS   : -36.000

------------------------------------------------------------
